[2023-09-06T00:47:26.052+0530][gc,heap] Heap region size: 1M
[2023-09-06T00:47:26.099+0530][gc     ] Using G1
[2023-09-06T00:47:26.100+0530][gc,heap,coops] Heap address: 0x00000000c0000000, size: 1024 MB, Compressed Oops mode: 32-bit
[2023-09-06T00:47:26.101+0530][gc,cds       ] Mark closed archive regions in map: [0x00000000fff00000, 0x00000000fff6bff8]
[2023-09-06T00:47:26.102+0530][gc,cds       ] Mark open archive regions in map: [0x00000000ffe00000, 0x00000000ffe47ff8]
[2023-09-06T00:47:29.367+0530][gc,start     ] GC(0) Pause Young (Normal) (G1 Evacuation Pause)
[2023-09-06T00:47:29.369+0530][gc,task      ] GC(0) Using 8 workers of 8 for evacuation
[2023-09-06T00:47:29.384+0530][gc,phases    ] GC(0)   Pre Evacuate Collection Set: 0.0ms
[2023-09-06T00:47:29.385+0530][gc,phases    ] GC(0)   Evacuate Collection Set: 13.6ms
[2023-09-06T00:47:29.385+0530][gc,phases    ] GC(0)   Post Evacuate Collection Set: 0.9ms
[2023-09-06T00:47:29.386+0530][gc,phases    ] GC(0)   Other: 2.6ms
[2023-09-06T00:47:29.386+0530][gc,heap      ] GC(0) Eden regions: 51->0(44)
[2023-09-06T00:47:29.386+0530][gc,heap      ] GC(0) Survivor regions: 0->7(7)
[2023-09-06T00:47:29.387+0530][gc,heap      ] GC(0) Old regions: 2->2
[2023-09-06T00:47:29.387+0530][gc,heap      ] GC(0) Humongous regions: 0->0
[2023-09-06T00:47:29.388+0530][gc,metaspace ] GC(0) Metaspace: 16208K(17024K)->16208K(17024K) NonClass: 14028K(14592K)->14028K(14592K) Class: 2179K(2432K)->2179K(2432K)
[2023-09-06T00:47:29.388+0530][gc           ] GC(0) Pause Young (Normal) (G1 Evacuation Pause) 51M->7M(1024M) 21.312ms
[2023-09-06T00:47:29.389+0530][gc,cpu       ] GC(0) User=0.10s Sys=0.01s Real=0.02s
[2023-09-06T00:47:30.181+0530][gc,start     ] GC(1) Pause Young (Concurrent Start) (Metadata GC Threshold)
[2023-09-06T00:47:30.182+0530][gc,task      ] GC(1) Using 8 workers of 8 for evacuation
[2023-09-06T00:47:30.194+0530][gc,phases    ] GC(1)   Pre Evacuate Collection Set: 0.1ms
[2023-09-06T00:47:30.194+0530][gc,phases    ] GC(1)   Evacuate Collection Set: 10.4ms
[2023-09-06T00:47:30.195+0530][gc,phases    ] GC(1)   Post Evacuate Collection Set: 0.7ms
[2023-09-06T00:47:30.195+0530][gc,phases    ] GC(1)   Other: 1.1ms
[2023-09-06T00:47:30.196+0530][gc,heap      ] GC(1) Eden regions: 17->0(50)
[2023-09-06T00:47:30.196+0530][gc,heap      ] GC(1) Survivor regions: 7->1(7)
[2023-09-06T00:47:30.196+0530][gc,heap      ] GC(1) Old regions: 2->9
[2023-09-06T00:47:30.197+0530][gc,heap      ] GC(1) Humongous regions: 0->0
[2023-09-06T00:47:30.197+0530][gc,metaspace ] GC(1) Metaspace: 20547K(21248K)->20547K(21248K) NonClass: 17753K(18176K)->17753K(18176K) Class: 2793K(3072K)->2793K(3072K)
[2023-09-06T00:47:30.198+0530][gc           ] GC(1) Pause Young (Concurrent Start) (Metadata GC Threshold) 24M->8M(1024M) 16.377ms
[2023-09-06T00:47:30.198+0530][gc,cpu       ] GC(1) User=0.06s Sys=0.00s Real=0.02s
[2023-09-06T00:47:30.199+0530][gc           ] GC(2) Concurrent Cycle
[2023-09-06T00:47:30.199+0530][gc,marking   ] GC(2) Concurrent Clear Claimed Marks
[2023-09-06T00:47:30.199+0530][gc,marking   ] GC(2) Concurrent Clear Claimed Marks 0.447ms
[2023-09-06T00:47:30.200+0530][gc,marking   ] GC(2) Concurrent Scan Root Regions
[2023-09-06T00:47:30.201+0530][gc,marking   ] GC(2) Concurrent Scan Root Regions 1.230ms
[2023-09-06T00:47:30.202+0530][gc,marking   ] GC(2) Concurrent Mark (4.160s)
[2023-09-06T00:47:30.202+0530][gc,marking   ] GC(2) Concurrent Mark From Roots
[2023-09-06T00:47:30.203+0530][gc,task      ] GC(2) Using 2 workers of 2 for marking
[2023-09-06T00:47:30.208+0530][gc,marking   ] GC(2) Concurrent Mark From Roots 6.392ms
[2023-09-06T00:47:30.209+0530][gc,marking   ] GC(2) Concurrent Preclean
[2023-09-06T00:47:30.210+0530][gc,marking   ] GC(2) Concurrent Preclean 0.804ms
[2023-09-06T00:47:30.210+0530][gc,marking   ] GC(2) Concurrent Mark (4.160s, 4.169s) 8.930ms
[2023-09-06T00:47:30.211+0530][gc,start     ] GC(2) Pause Remark
[2023-09-06T00:47:30.214+0530][gc,stringtable] GC(2) Cleaned string and symbol table, strings: 5011 processed, 0 removed, symbols: 50332 processed, 57 removed
[2023-09-06T00:47:30.215+0530][gc            ] GC(2) Pause Remark 8M->8M(1024M) 4.036ms
[2023-09-06T00:47:30.216+0530][gc,cpu        ] GC(2) User=0.01s Sys=0.02s Real=0.01s
[2023-09-06T00:47:30.216+0530][gc,marking    ] GC(2) Concurrent Rebuild Remembered Sets
[2023-09-06T00:47:30.220+0530][gc,marking    ] GC(2) Concurrent Rebuild Remembered Sets 3.398ms
[2023-09-06T00:47:30.221+0530][gc,start      ] GC(2) Pause Cleanup
[2023-09-06T00:47:30.222+0530][gc            ] GC(2) Pause Cleanup 8M->8M(1024M) 0.983ms
[2023-09-06T00:47:30.222+0530][gc,cpu        ] GC(2) User=0.01s Sys=0.00s Real=0.01s
[2023-09-06T00:47:30.223+0530][gc,marking    ] GC(2) Concurrent Cleanup for Next Mark
[2023-09-06T00:47:30.229+0530][gc,marking    ] GC(2) Concurrent Cleanup for Next Mark 6.193ms
[2023-09-06T00:47:30.230+0530][gc            ] GC(2) Concurrent Cycle 30.922ms
[2023-09-06T00:47:32.426+0530][gc,start      ] GC(3) Pause Young (Normal) (G1 Evacuation Pause)
[2023-09-06T00:47:32.427+0530][gc,task       ] GC(3) Using 8 workers of 8 for evacuation
[2023-09-06T00:47:32.433+0530][gc,phases     ] GC(3)   Pre Evacuate Collection Set: 0.2ms
[2023-09-06T00:47:32.433+0530][gc,phases     ] GC(3)   Evacuate Collection Set: 4.0ms
[2023-09-06T00:47:32.434+0530][gc,phases     ] GC(3)   Post Evacuate Collection Set: 0.9ms
[2023-09-06T00:47:32.434+0530][gc,phases     ] GC(3)   Other: 1.5ms
[2023-09-06T00:47:32.435+0530][gc,heap       ] GC(3) Eden regions: 50->0(46)
[2023-09-06T00:47:32.435+0530][gc,heap       ] GC(3) Survivor regions: 1->5(7)
[2023-09-06T00:47:32.436+0530][gc,heap       ] GC(3) Old regions: 9->9
[2023-09-06T00:47:32.436+0530][gc,heap       ] GC(3) Humongous regions: 129->129
[2023-09-06T00:47:32.437+0530][gc,metaspace  ] GC(3) Metaspace: 29964K(31228K)->29964K(31228K) NonClass: 26083K(26880K)->26083K(26880K) Class: 3880K(4348K)->3880K(4348K)
[2023-09-06T00:47:32.437+0530][gc            ] GC(3) Pause Young (Normal) (G1 Evacuation Pause) 187M->141M(1024M) 11.082ms
[2023-09-06T00:47:32.438+0530][gc,cpu        ] GC(3) User=0.03s Sys=0.00s Real=0.01s
[2023-09-06T00:47:33.066+0530][gc,start      ] GC(4) Pause Young (Concurrent Start) (Metadata GC Threshold)
[2023-09-06T00:47:33.067+0530][gc,task       ] GC(4) Using 8 workers of 8 for evacuation
[2023-09-06T00:47:33.084+0530][gc,phases     ] GC(4)   Pre Evacuate Collection Set: 0.2ms
[2023-09-06T00:47:33.085+0530][gc,phases     ] GC(4)   Evacuate Collection Set: 15.7ms
[2023-09-06T00:47:33.085+0530][gc,phases     ] GC(4)   Post Evacuate Collection Set: 0.7ms
[2023-09-06T00:47:33.086+0530][gc,phases     ] GC(4)   Other: 1.9ms
[2023-09-06T00:47:33.086+0530][gc,heap       ] GC(4) Eden regions: 21->0(49)
[2023-09-06T00:47:33.087+0530][gc,heap       ] GC(4) Survivor regions: 5->2(7)
[2023-09-06T00:47:33.087+0530][gc,heap       ] GC(4) Old regions: 9->14
[2023-09-06T00:47:33.088+0530][gc,heap       ] GC(4) Humongous regions: 129->129
[2023-09-06T00:47:33.088+0530][gc,metaspace  ] GC(4) Metaspace: 34632K(36048K)->34632K(36048K) NonClass: 30157K(30932K)->30157K(30932K) Class: 4475K(5116K)->4475K(5116K)
[2023-09-06T00:47:33.088+0530][gc            ] GC(4) Pause Young (Concurrent Start) (Metadata GC Threshold) 162M->142M(1024M) 22.664ms
[2023-09-06T00:47:33.089+0530][gc,cpu        ] GC(4) User=0.10s Sys=0.03s Real=0.02s
[2023-09-06T00:47:33.090+0530][gc            ] GC(5) Concurrent Cycle
[2023-09-06T00:47:33.091+0530][gc,marking    ] GC(5) Concurrent Clear Claimed Marks
[2023-09-06T00:47:33.092+0530][gc,marking    ] GC(5) Concurrent Clear Claimed Marks 1.077ms
[2023-09-06T00:47:33.093+0530][gc,marking    ] GC(5) Concurrent Scan Root Regions
[2023-09-06T00:47:33.096+0530][gc,marking    ] GC(5) Concurrent Scan Root Regions 3.731ms
[2023-09-06T00:47:33.097+0530][gc,marking    ] GC(5) Concurrent Mark (7.056s)
[2023-09-06T00:47:33.098+0530][gc,marking    ] GC(5) Concurrent Mark From Roots
[2023-09-06T00:47:33.099+0530][gc,task       ] GC(5) Using 2 workers of 2 for marking
[2023-09-06T00:47:33.115+0530][gc,marking    ] GC(5) Concurrent Mark From Roots 17.118ms
[2023-09-06T00:47:33.116+0530][gc,marking    ] GC(5) Concurrent Preclean
[2023-09-06T00:47:33.117+0530][gc,marking    ] GC(5) Concurrent Preclean 1.083ms
[2023-09-06T00:47:33.118+0530][gc,marking    ] GC(5) Concurrent Mark (7.056s, 7.077s) 20.658ms
[2023-09-06T00:47:33.119+0530][gc,start      ] GC(5) Pause Remark
[2023-09-06T00:47:33.125+0530][gc,stringtable] GC(5) Cleaned string and symbol table, strings: 10927 processed, 13 removed, symbols: 82433 processed, 18 removed
[2023-09-06T00:47:33.126+0530][gc            ] GC(5) Pause Remark 143M->143M(1024M) 6.798ms
[2023-09-06T00:47:33.127+0530][gc,cpu        ] GC(5) User=0.03s Sys=0.00s Real=0.01s
[2023-09-06T00:47:33.128+0530][gc,marking    ] GC(5) Concurrent Rebuild Remembered Sets
[2023-09-06T00:47:33.136+0530][gc,marking    ] GC(5) Concurrent Rebuild Remembered Sets 8.290ms
[2023-09-06T00:47:33.137+0530][gc,start      ] GC(5) Pause Cleanup
[2023-09-06T00:47:33.138+0530][gc            ] GC(5) Pause Cleanup 144M->144M(1024M) 0.832ms
[2023-09-06T00:47:33.138+0530][gc,cpu        ] GC(5) User=0.00s Sys=0.00s Real=0.00s
[2023-09-06T00:47:33.139+0530][gc,marking    ] GC(5) Concurrent Cleanup for Next Mark
[2023-09-06T00:47:33.154+0530][gc,marking    ] GC(5) Concurrent Cleanup for Next Mark 14.452ms
[2023-09-06T00:47:33.154+0530][gc            ] GC(5) Concurrent Cycle 64.473ms
[2023-09-06T00:50:40.831+0530][gc,start      ] GC(6) Pause Young (Normal) (G1 Evacuation Pause)
[2023-09-06T00:50:40.832+0530][gc,task       ] GC(6) Using 8 workers of 8 for evacuation
[2023-09-06T00:50:40.846+0530][gc,phases     ] GC(6)   Pre Evacuate Collection Set: 6.8ms
[2023-09-06T00:50:40.847+0530][gc,phases     ] GC(6)   Evacuate Collection Set: 4.5ms
[2023-09-06T00:50:40.847+0530][gc,phases     ] GC(6)   Post Evacuate Collection Set: 2.4ms
[2023-09-06T00:50:40.848+0530][gc,phases     ] GC(6)   Other: 1.8ms
[2023-09-06T00:50:40.848+0530][gc,heap       ] GC(6) Eden regions: 49->0(46)
[2023-09-06T00:50:40.849+0530][gc,heap       ] GC(6) Survivor regions: 2->5(7)
[2023-09-06T00:50:40.849+0530][gc,heap       ] GC(6) Old regions: 14->14
[2023-09-06T00:50:40.850+0530][gc,heap       ] GC(6) Humongous regions: 129->129
[2023-09-06T00:50:40.850+0530][gc,metaspace  ] GC(6) Metaspace: 41942K(44668K)->41942K(44668K) NonClass: 36021K(37376K)->36021K(37376K) Class: 5921K(7292K)->5921K(7292K)
[2023-09-06T00:50:40.851+0530][gc            ] GC(6) Pause Young (Normal) (G1 Evacuation Pause) 191M->145M(1024M) 19.959ms
[2023-09-06T00:50:40.851+0530][gc,cpu        ] GC(6) User=0.05s Sys=0.00s Real=0.02s
[2023-09-06T01:10:17.338+0530][gc,start      ] GC(7) Pause Young (Normal) (G1 Evacuation Pause)
[2023-09-06T01:10:17.339+0530][gc,task       ] GC(7) Using 8 workers of 8 for evacuation
[2023-09-06T01:10:17.391+0530][gc,mmu        ] GC(7) MMU target violated: 21.0ms (20.0ms/21.0ms)
[2023-09-06T01:10:17.391+0530][gc,phases     ] GC(7)   Pre Evacuate Collection Set: 22.4ms
[2023-09-06T01:10:17.391+0530][gc,phases     ] GC(7)   Evacuate Collection Set: 25.4ms
[2023-09-06T01:10:17.392+0530][gc,phases     ] GC(7)   Post Evacuate Collection Set: 2.2ms
[2023-09-06T01:10:17.392+0530][gc,phases     ] GC(7)   Other: 4.1ms
[2023-09-06T01:10:17.393+0530][gc,heap       ] GC(7) Eden regions: 46->0(45)
[2023-09-06T01:10:17.393+0530][gc,heap       ] GC(7) Survivor regions: 5->6(7)
[2023-09-06T01:10:17.393+0530][gc,heap       ] GC(7) Old regions: 14->15
[2023-09-06T01:10:17.394+0530][gc,heap       ] GC(7) Humongous regions: 129->129
[2023-09-06T01:10:17.394+0530][gc,metaspace  ] GC(7) Metaspace: 43472K(46332K)->43472K(46332K) NonClass: 37448K(38912K)->37448K(38912K) Class: 6024K(7420K)->6024K(7420K)
[2023-09-06T01:10:17.395+0530][gc            ] GC(7) Pause Young (Normal) (G1 Evacuation Pause) 191M->147M(1024M) 57.292ms
[2023-09-06T01:10:17.395+0530][gc,cpu        ] GC(7) User=0.23s Sys=0.00s Real=0.06s
[2023-09-06T01:23:19.311+0530][gc,start      ] GC(8) Pause Young (Normal) (G1 Evacuation Pause)
[2023-09-06T01:23:19.312+0530][gc,task       ] GC(8) Using 8 workers of 8 for evacuation
[2023-09-06T01:23:19.336+0530][gc,mmu        ] GC(8) MMU target violated: 21.0ms (20.0ms/21.0ms)
[2023-09-06T01:23:19.337+0530][gc,phases     ] GC(8)   Pre Evacuate Collection Set: 1.1ms
[2023-09-06T01:23:19.337+0530][gc,phases     ] GC(8)   Evacuate Collection Set: 18.1ms
[2023-09-06T01:23:19.337+0530][gc,phases     ] GC(8)   Post Evacuate Collection Set: 3.3ms
[2023-09-06T01:23:19.338+0530][gc,phases     ] GC(8)   Other: 4.3ms
[2023-09-06T01:23:19.338+0530][gc,heap       ] GC(8) Eden regions: 45->0(48)
[2023-09-06T01:23:19.339+0530][gc,heap       ] GC(8) Survivor regions: 6->3(7)
[2023-09-06T01:23:19.339+0530][gc,heap       ] GC(8) Old regions: 15->18
[2023-09-06T01:23:19.340+0530][gc,heap       ] GC(8) Humongous regions: 129->129
[2023-09-06T01:23:19.340+0530][gc,metaspace  ] GC(8) Metaspace: 43582K(46588K)->43582K(46588K) NonClass: 37553K(39168K)->37553K(39168K) Class: 6028K(7420K)->6028K(7420K)
[2023-09-06T01:23:19.341+0530][gc            ] GC(8) Pause Young (Normal) (G1 Evacuation Pause) 192M->147M(1024M) 29.910ms
[2023-09-06T01:23:19.341+0530][gc,cpu        ] GC(8) User=0.14s Sys=0.02s Real=0.03s
[2023-09-06T01:39:21.915+0530][gc,start      ] GC(9) Pause Young (Normal) (G1 Evacuation Pause)
[2023-09-06T01:39:21.920+0530][gc,task       ] GC(9) Using 8 workers of 8 for evacuation
[2023-09-06T01:39:21.952+0530][gc,mmu        ] GC(9) MMU target violated: 21.0ms (20.0ms/21.0ms)
[2023-09-06T01:39:21.953+0530][gc,phases     ] GC(9)   Pre Evacuate Collection Set: 5.9ms
[2023-09-06T01:39:21.953+0530][gc,phases     ] GC(9)   Evacuate Collection Set: 19.6ms
[2023-09-06T01:39:21.954+0530][gc,phases     ] GC(9)   Post Evacuate Collection Set: 1.9ms
[2023-09-06T01:39:21.954+0530][gc,phases     ] GC(9)   Other: 13.0ms
[2023-09-06T01:39:21.955+0530][gc,heap       ] GC(9) Eden regions: 48->0(48)
[2023-09-06T01:39:21.955+0530][gc,heap       ] GC(9) Survivor regions: 3->3(7)
[2023-09-06T01:39:21.956+0530][gc,heap       ] GC(9) Old regions: 18->18
[2023-09-06T01:39:21.956+0530][gc,heap       ] GC(9) Humongous regions: 129->129
[2023-09-06T01:39:21.957+0530][gc,metaspace  ] GC(9) Metaspace: 43928K(46972K)->43928K(46972K) NonClass: 37840K(39424K)->37840K(39424K) Class: 6088K(7548K)->6088K(7548K)
[2023-09-06T01:39:21.957+0530][gc            ] GC(9) Pause Young (Normal) (G1 Evacuation Pause) 195M->148M(1024M) 42.068ms
[2023-09-06T01:39:21.958+0530][gc,cpu        ] GC(9) User=0.14s Sys=0.02s Real=0.04s
[2023-09-06T01:52:37.287+0530][gc,start      ] GC(10) Pause Young (Normal) (G1 Evacuation Pause)
[2023-09-06T01:52:37.294+0530][gc,task       ] GC(10) Using 8 workers of 8 for evacuation
[2023-09-06T01:52:37.366+0530][gc,mmu        ] GC(10) MMU target violated: 21.0ms (20.0ms/21.0ms)
[2023-09-06T01:52:37.367+0530][gc,phases     ] GC(10)   Pre Evacuate Collection Set: 30.2ms
[2023-09-06T01:52:37.367+0530][gc,phases     ] GC(10)   Evacuate Collection Set: 30.5ms
[2023-09-06T01:52:37.368+0530][gc,phases     ] GC(10)   Post Evacuate Collection Set: 5.6ms
[2023-09-06T01:52:37.368+0530][gc,phases     ] GC(10)   Other: 19.4ms
[2023-09-06T01:52:37.369+0530][gc,heap       ] GC(10) Eden regions: 48->0(47)
[2023-09-06T01:52:37.369+0530][gc,heap       ] GC(10) Survivor regions: 3->4(7)
[2023-09-06T01:52:37.370+0530][gc,heap       ] GC(10) Old regions: 18->18
[2023-09-06T01:52:37.371+0530][gc,heap       ] GC(10) Humongous regions: 129->129
[2023-09-06T01:52:37.371+0530][gc,metaspace  ] GC(10) Metaspace: 44139K(47228K)->44139K(47228K) NonClass: 38038K(39680K)->38038K(39680K) Class: 6101K(7548K)->6101K(7548K)
[2023-09-06T01:52:37.372+0530][gc            ] GC(10) Pause Young (Normal) (G1 Evacuation Pause) 196M->148M(1024M) 84.945ms
[2023-09-06T01:52:37.372+0530][gc,cpu        ] GC(10) User=0.25s Sys=0.02s Real=0.08s
[2023-09-06T02:06:40.914+0530][gc,start      ] GC(11) Pause Young (Normal) (G1 Evacuation Pause)
[2023-09-06T02:06:40.919+0530][gc,task       ] GC(11) Using 8 workers of 8 for evacuation
[2023-09-06T02:06:41.073+0530][gc,mmu        ] GC(11) MMU target violated: 21.0ms (20.0ms/21.0ms)
[2023-09-06T02:06:41.074+0530][gc,phases     ] GC(11)   Pre Evacuate Collection Set: 60.8ms
[2023-09-06T02:06:41.074+0530][gc,phases     ] GC(11)   Evacuate Collection Set: 87.2ms
[2023-09-06T02:06:41.075+0530][gc,phases     ] GC(11)   Post Evacuate Collection Set: 1.3ms
[2023-09-06T02:06:41.075+0530][gc,phases     ] GC(11)   Other: 13.8ms
[2023-09-06T02:06:41.076+0530][gc,heap       ] GC(11) Eden regions: 47->0(47)
[2023-09-06T02:06:41.077+0530][gc,heap       ] GC(11) Survivor regions: 4->4(7)
[2023-09-06T02:06:41.077+0530][gc,heap       ] GC(11) Old regions: 18->18
[2023-09-06T02:06:41.077+0530][gc,heap       ] GC(11) Humongous regions: 129->129
[2023-09-06T02:06:41.078+0530][gc,metaspace  ] GC(11) Metaspace: 44362K(47484K)->44362K(47484K) NonClass: 38260K(39936K)->38260K(39936K) Class: 6102K(7548K)->6102K(7548K)
[2023-09-06T02:06:41.079+0530][gc            ] GC(11) Pause Young (Normal) (G1 Evacuation Pause) 195M->148M(1024M) 164.885ms
[2023-09-06T02:06:41.079+0530][gc,cpu        ] GC(11) User=0.71s Sys=0.04s Real=0.17s
[2023-09-06T02:20:46.604+0530][gc,start      ] GC(12) Pause Young (Normal) (G1 Evacuation Pause)
[2023-09-06T02:20:46.606+0530][gc,task       ] GC(12) Using 8 workers of 8 for evacuation
[2023-09-06T02:20:46.641+0530][gc,mmu        ] GC(12) MMU target violated: 21.0ms (20.0ms/21.0ms)
[2023-09-06T02:20:46.641+0530][gc,phases     ] GC(12)   Pre Evacuate Collection Set: 21.0ms
[2023-09-06T02:20:46.642+0530][gc,phases     ] GC(12)   Evacuate Collection Set: 9.9ms
[2023-09-06T02:20:46.642+0530][gc,phases     ] GC(12)   Post Evacuate Collection Set: 1.2ms
[2023-09-06T02:20:46.643+0530][gc,phases     ] GC(12)   Other: 6.8ms
[2023-09-06T02:20:46.643+0530][gc,heap       ] GC(12) Eden regions: 47->0(46)
[2023-09-06T02:20:46.644+0530][gc,heap       ] GC(12) Survivor regions: 4->5(7)
[2023-09-06T02:20:46.644+0530][gc,heap       ] GC(12) Old regions: 18->18
[2023-09-06T02:20:46.645+0530][gc,heap       ] GC(12) Humongous regions: 129->129
[2023-09-06T02:20:46.645+0530][gc,metaspace  ] GC(12) Metaspace: 44560K(47740K)->44560K(47740K) NonClass: 38458K(40192K)->38458K(40192K) Class: 6102K(7548K)->6102K(7548K)
[2023-09-06T02:20:46.645+0530][gc            ] GC(12) Pause Young (Normal) (G1 Evacuation Pause) 195M->149M(1024M) 41.852ms
[2023-09-06T02:20:46.646+0530][gc,cpu        ] GC(12) User=0.10s Sys=0.00s Real=0.04s
[2023-09-06T02:34:12.033+0530][gc,start      ] GC(13) Pause Young (Normal) (G1 Evacuation Pause)
[2023-09-06T02:34:12.034+0530][gc,task       ] GC(13) Using 8 workers of 8 for evacuation
[2023-09-06T02:34:12.123+0530][gc,mmu        ] GC(13) MMU target violated: 21.0ms (20.0ms/21.0ms)
[2023-09-06T02:34:12.123+0530][gc,phases     ] GC(13)   Pre Evacuate Collection Set: 26.8ms
[2023-09-06T02:34:12.124+0530][gc,phases     ] GC(13)   Evacuate Collection Set: 55.3ms
[2023-09-06T02:34:12.125+0530][gc,phases     ] GC(13)   Post Evacuate Collection Set: 1.5ms
[2023-09-06T02:34:12.125+0530][gc,phases     ] GC(13)   Other: 10.2ms
[2023-09-06T02:34:12.126+0530][gc,heap       ] GC(13) Eden regions: 46->0(47)
[2023-09-06T02:34:12.126+0530][gc,heap       ] GC(13) Survivor regions: 5->4(7)
[2023-09-06T02:34:12.127+0530][gc,heap       ] GC(13) Old regions: 18->19
[2023-09-06T02:34:12.127+0530][gc,heap       ] GC(13) Humongous regions: 129->129
[2023-09-06T02:34:12.128+0530][gc,metaspace  ] GC(13) Metaspace: 44628K(47740K)->44628K(47740K) NonClass: 38520K(40192K)->38520K(40192K) Class: 6107K(7548K)->6107K(7548K)
[2023-09-06T02:34:12.129+0530][gc            ] GC(13) Pause Young (Normal) (G1 Evacuation Pause) 195M->149M(1024M) 96.348ms
[2023-09-06T02:34:12.129+0530][gc,cpu        ] GC(13) User=0.46s Sys=0.00s Real=0.10s
[2023-09-06T02:54:10.918+0530][gc,start      ] GC(14) Pause Young (Normal) (G1 Evacuation Pause)
[2023-09-06T02:54:10.923+0530][gc,task       ] GC(14) Using 8 workers of 8 for evacuation
[2023-09-06T02:54:11.027+0530][gc,mmu        ] GC(14) MMU target violated: 21.0ms (20.0ms/21.0ms)
[2023-09-06T02:54:11.027+0530][gc,phases     ] GC(14)   Pre Evacuate Collection Set: 32.8ms
[2023-09-06T02:54:11.028+0530][gc,phases     ] GC(14)   Evacuate Collection Set: 63.2ms
[2023-09-06T02:54:11.028+0530][gc,phases     ] GC(14)   Post Evacuate Collection Set: 1.7ms
[2023-09-06T02:54:11.029+0530][gc,phases     ] GC(14)   Other: 17.7ms
[2023-09-06T02:54:11.029+0530][gc,heap       ] GC(14) Eden regions: 47->0(47)
[2023-09-06T02:54:11.030+0530][gc,heap       ] GC(14) Survivor regions: 4->4(7)
[2023-09-06T02:54:11.030+0530][gc,heap       ] GC(14) Old regions: 19->19
[2023-09-06T02:54:11.031+0530][gc,heap       ] GC(14) Humongous regions: 129->129
[2023-09-06T02:54:11.031+0530][gc,metaspace  ] GC(14) Metaspace: 44708K(47740K)->44708K(47740K) NonClass: 38594K(40192K)->38594K(40192K) Class: 6113K(7548K)->6113K(7548K)
[2023-09-06T02:54:11.032+0530][gc            ] GC(14) Pause Young (Normal) (G1 Evacuation Pause) 196M->149M(1024M) 114.295ms
[2023-09-06T02:54:11.032+0530][gc,cpu        ] GC(14) User=0.55s Sys=0.00s Real=0.12s
