[2023-09-06T00:46:03.771+0530][gc,heap] Heap region size: 1M
[2023-09-06T00:46:03.779+0530][gc     ] Using G1
[2023-09-06T00:46:03.779+0530][gc,heap,coops] Heap address: 0x00000000e0000000, size: 512 MB, Compressed Oops mode: 32-bit
[2023-09-06T00:46:03.780+0530][gc,cds       ] Mark closed archive regions in map: [0x00000000fff00000, 0x00000000fff6bff8]
[2023-09-06T00:46:03.781+0530][gc,cds       ] Mark open archive regions in map: [0x00000000ffe00000, 0x00000000ffe47ff8]
[2023-09-06T00:47:29.081+0530][gc,start     ] GC(0) Pause Young (Normal) (G1 Evacuation Pause)
[2023-09-06T00:47:29.083+0530][gc,task      ] GC(0) Using 8 workers of 8 for evacuation
[2023-09-06T00:47:29.101+0530][gc,phases    ] GC(0)   Pre Evacuate Collection Set: 0.3ms
[2023-09-06T00:47:29.102+0530][gc,phases    ] GC(0)   Evacuate Collection Set: 16.5ms
[2023-09-06T00:47:29.102+0530][gc,phases    ] GC(0)   Post Evacuate Collection Set: 0.7ms
[2023-09-06T00:47:29.103+0530][gc,phases    ] GC(0)   Other: 2.8ms
[2023-09-06T00:47:29.103+0530][gc,heap      ] GC(0) Eden regions: 25->0(21)
[2023-09-06T00:47:29.104+0530][gc,heap      ] GC(0) Survivor regions: 0->4(4)
[2023-09-06T00:47:29.104+0530][gc,heap      ] GC(0) Old regions: 2->4
[2023-09-06T00:47:29.105+0530][gc,heap      ] GC(0) Humongous regions: 0->0
[2023-09-06T00:47:29.105+0530][gc,metaspace ] GC(0) Metaspace: 7655K(8192K)->7655K(8192K) NonClass: 6792K(7168K)->6792K(7168K) Class: 862K(1024K)->862K(1024K)
[2023-09-06T00:47:29.106+0530][gc           ] GC(0) Pause Young (Normal) (G1 Evacuation Pause) 25M->6M(512M) 24.540ms
[2023-09-06T00:47:29.106+0530][gc,cpu       ] GC(0) User=0.08s Sys=0.06s Real=0.03s
[2023-09-06T03:03:30.894+0530][gc,heap,exit ] Heap
[2023-09-06T03:03:30.895+0530][gc,heap,exit ]  garbage-first heap   total 524288K, used 18442K [0x00000000e0000000, 0x0000000100000000)
[2023-09-06T03:03:30.896+0530][gc,heap,exit ]   region size 1024K, 17 young (17408K), 4 survivors (4096K)
[2023-09-06T03:03:30.896+0530][gc,heap,exit ]  Metaspace       used 8474K, capacity 8774K, committed 8960K, reserved 1056768K
[2023-09-06T03:03:30.896+0530][gc,heap,exit ]   class space    used 896K, capacity 1016K, committed 1024K, reserved 1048576K
